export const snapshot = {};

snapshot[`parseLoop smoke test 1`] = `
[
  {
    bass: [
      [
        [
          440,
        ],
        0.6000000000000001,
      ],
      [
        [
          69.29565774421802,
        ],
        0.2,
      ],
    ],
    chords: [
      [
        [
          440,
          554.3652619537442,
          659.2551138257398,
        ],
        0.6000000000000001,
      ],
      [
        [
          554.3652619537442,
          659.2551138257398,
          830.6093951598903,
        ],
        0.2,
      ],
    ],
    melody: [
      [
        [
          440,
        ],
        0.4,
      ],
      [
        [
          466.1637615180899,
        ],
        0.4,
      ],
    ],
  },
  0.8,
]
`;
