export const snapshot = {};

snapshot[`cube snapshot 1`] = `
[
  [
    -1,
    -1,
    1,
  ],
  [
    1,
    -1,
    1,
  ],
  [
    1,
    1,
    1,
  ],
  [
    1,
    -1,
    1,
  ],
  [
    1,
    1,
    1,
  ],
  [
    -1,
    1,
    1,
  ],
  [
    -1,
    1,
    1,
  ],
  [
    1,
    1,
    1,
  ],
  [
    1,
    1,
    -1,
  ],
  [
    1,
    1,
    1,
  ],
  [
    1,
    1,
    -1,
  ],
  [
    -1,
    1,
    -1,
  ],
  [
    1,
    1,
    1,
  ],
  [
    1,
    -1,
    1,
  ],
  [
    1,
    -1,
    -1,
  ],
  [
    1,
    -1,
    1,
  ],
  [
    1,
    -1,
    -1,
  ],
  [
    1,
    1,
    -1,
  ],
  [
    1,
    1,
    -1,
  ],
  [
    1,
    -1,
    -1,
  ],
  [
    -1,
    -1,
    -1,
  ],
  [
    1,
    -1,
    -1,
  ],
  [
    -1,
    -1,
    -1,
  ],
  [
    -1,
    1,
    -1,
  ],
  [
    1,
    -1,
    -1,
  ],
  [
    1,
    -1,
    1,
  ],
  [
    -1,
    -1,
    1,
  ],
  [
    1,
    -1,
    1,
  ],
  [
    -1,
    -1,
    1,
  ],
  [
    -1,
    -1,
    -1,
  ],
  [
    -1,
    -1,
    -1,
  ],
  [
    -1,
    -1,
    1,
  ],
  [
    -1,
    1,
    1,
  ],
  [
    -1,
    -1,
    1,
  ],
  [
    -1,
    1,
    1,
  ],
  [
    -1,
    1,
    -1,
  ],
]
`;
